A importância de que se aprenda sobre o SQL é que boa parte das aplicações realizam consultas em bancos de dados. Para gerenciá-los, é usada a linguagem SQL.

![[5 img 1.png]]

Vamos ligar o serviço do mysql.

```
service mysql start
```

Como está nas configurações default do kali, para logar podemos:

```
mysql -u root
```

![[5 img 2.png]]

```sql
show databases;

+-------------------------+
| Database                |
+-------------------------+
| information_schema      |
| mysql                   |
| performance_schema      |
| sys                     |
+-------------------------+

```

Aqui estamos vendo todos os bancos de dados que vêm com o mysql

- `information_schema:` mantém informações sobre todos os bancos de dados 
- `mysql:` informações sobre o servidor e os usuários
- `perfomance_schema:` diagnóstico de consultas, tempos e auxílio para geração de relatórios

O objetivo agora é criar bancos de dados e tabelas e consultá-las com o objetivo de aprender sobre as requisições feitas via linguagem SQL.

``` sql
select database();

+------------+
| database() |
+------------+
| NULL       |
+------------+

```


Deu como nula pois não selecionamos nenhuma database

``` sql
select user();

+-----------------+
| user()          |
+-----------------+
| root@localhost  |
+-----------------+

```


```sql
select version();

+--------------------+
| version()         |
+--------------------+
| 11.4.5-MariaDB-1  |
+--------------------+
```

Veremos agora comandos para criar databases:

```sql
CREATE DATABASE desec;

show databases;

+--------------------------+
| Database                 |
+--------------------------+
| desec                    |
| information_schema       |
| mysql                    |
| performance_schema       |
| sys                      |
+--------------------------+


```


Caso queiramos usar uma das databases: `use` 

```sql
use desec();
MariaDB [(none)]> use desec;
Database changed
MariaDB [desec]>
```

```sql
select database();
+------------+
| database() |
+------------+
| desec      |
+------------+
```

Não apresenta mais o NULL como no caso anterior.

Para ver as tabelas dentro desse banco de dados: 

```sql
show tables;

Empty set (0.001 sec)

```
 
Para criar tabelas:

```
MariaDB [desec]> create table usuarios
    -> (id int primary key auto_increment,
    -> login varchar(20) not null,
    -> senha varchar(20) not null);
```

- O campo id é chave primária e do tipo auto increment, o que significa que ele vai se incrementando a cada vez que vamos adicionando dados nele.
- o tipo varchar(20) é uma string de dados de no máximo 20 caracteres

Podemos agora ver a tabela criada e ver a descrição dela

```sql
MariaDB [desec]> show tables;
+-----------------+
| Tables_in_desec |
+-----------------+
| usuarios        |
+-----------------+
1 row in set (0.001 sec)

MariaDB [desec]> describe usuarios;
+-------+-------------+------+-----+---------+----------------+
| Field | Type        | Null | Key | Default | Extra          |
+-------+-------------+------+-----+---------+----------------+
| id    | int(11)     | NO   | PRI | NULL    | auto_increment |
| login | varchar(20) | NO   |     | NULL    |                |
| senha | varchar(20) | NO   |     | NULL    |                |
+-------+-------------+------+-----+---------+----------------+
3 rows in set (0.008 sec) 
```

Para selecionar campos nas tabelas, podemos usar o `select` com o nome do campo desejado

```sql
MariaDB [desec]> select id from usuarios;
Empty set (0.003 sec)
```

Veja que recebemos um empty como resposta pelo fato de a tabela ainda estar vazia. Para inserir dados na tabela, usaremos o `insert` 

```sql
MariaDB [desec]> insert into usuarios values ('1', 'admin', 'admin');
Query OK, 1 row affected (0.008 sec)

MariaDB [desec]> insert into usuarios values ('2', 'catulo', '123');
Query OK, 1 row affected (0.003 sec)

MariaDB [desec]> insert into usuarios values ('3', 'axel', '123456');
Query OK, 1 row affected (0.003 sec)

MariaDB [desec]> insert into usuarios values ('4', 'desec', 'webmaster');
```

Agora poderemos ver os campos inseridos na tabela usuarios

```sql
MariaDB [desec]> select * from usuarios;
+----+--------+-----------+
| id | login  | senha     |
+----+--------+-----------+
|  1 | admin  | admin     |
|  2 | catulo | 123       |
|  3 | axel   | 123456    |
|  4 | desec  | webmaster |
+----+--------+-----------+
```

Caso queiramos selecionar somente os campos de login, por exemplo:

```sql
MariaDB [desec]> select login from usuarios;
+--------+
| login  |
+--------+
| admin  |
| catulo |
| axel   |
| desec  |
+--------+
4 rows in set (0.001 sec)
```

Criaremos agora usuários com mesmo login ou mesma senha

```sql
MariaDB [desec]> insert into usuarios values ('5', 'web', 'webmaster');
Query OK, 1 row affected (0.004 sec)

MariaDB [desec]> insert into usuarios values ('6', 'admin', 'master');
Query OK, 1 row affected (0.002 sec)

MariaDB [desec]> select * from usuarios;
+----+--------+-----------+
| id | login  | senha     |
+----+--------+-----------+
|  1 | admin  | admin     |
|  2 | catulo | 123       |
|  3 | axel   | 123456    |
|  4 | desec  | webmaster |
|  5 | web    | webmaster |
|  6 | admin  | master    |
+----+--------+-----------+
6 rows in set (0.001 sec)
```

Agora faremos consultas mais específicas sobre os campos:

- Selecionando todos com id = 1:
```sql
MariaDB [desec]> select * from usuarios where id="1";
+----+-------+-------+
| id | login | senha |
+----+-------+-------+
|  1 | admin | admin |
+----+-------+-------+
1 row in set (0.001 sec)

MariaDB [desec]> select * from usuarios where senha="webmaster";
+----+-------+-----------+
| id | login | senha     |
+----+-------+-----------+
|  4 | desec | webmaster |
|  5 | web   | webmaster |
+----+-------+-----------+
2 rows in set (0.003 sec)

MariaDB [desec]> select * from usuarios where login="admin";
+----+-------+--------+
| id | login | senha  |
+----+-------+--------+
|  1 | admin | admin  |
|  6 | admin | master |
+----+-------+--------+
2 rows in set (0.001 sec)
```

Podemos também ordenar os campos das colunas com base nos seguintes comandos

```sql
MariaDB [desec]> select * from usuarios order by login;
+----+---------+-----------+
| id | login   | senha     |
+----+---------+-----------+
|  1 | admin   | admin     |
|  6 | admin   | master    |
|  3 | axel    | 123456    |
|  7 | bagunca | master123 |
|  2 | catulo  | 123       |
|  4 | desec   | webmaster |
|  5 | web     | webmaster |
+----+---------+-----------+
7 rows in set (0.004 sec)

MariaDB [desec]> select * from usuarios order by basico;
ERROR 1054 (42S22): Unknown column 'basico' in 'ORDER BY'
MariaDB [desec]> select * from usuarios order by senha;
+----+---------+-----------+
| id | login   | senha     |
+----+---------+-----------+
|  2 | catulo  | 123       |
|  3 | axel    | 123456    |
|  1 | admin   | admin     |
|  6 | admin   | master    |
|  7 | bagunca | master123 |
|  4 | desec   | webmaster |
|  5 | web     | webmaster |
+----+---------+-----------+
7 rows in set (0.001 sec)
```

Podemos também deletar arquivos:

```sql
MariaDB [desec]> delete from usuarios where id="7";
Query OK, 1 row affected (0.006 sec)

MariaDB [desec]> select * from usuarios;
+----+--------+-----------+
| id | login  | senha     |
+----+--------+-----------+
|  1 | admin  | admin     |
|  2 | catulo | 123       |
|  3 | axel   | 123456    |
|  4 | desec  | webmaster |
|  5 | web    | webmaster |
|  6 | admin  | master    |
+----+--------+-----------+
```